// Jest Snapshot v1, https://goo.gl/fbAQLP

exports[`PaperList when provided with things to list should render 1`] = `
<WithStyles(ForwardRef(List))
  className="makeStyles-root-1"
  subheader={
    <WithStyles(ForwardRef(ListSubheader))
      className="makeStyles-subheader-2"
      component="div"
    >
      <div
        id="heading"
      >
        Testing
      </div>
      <WithStyles(ForwardRef(ListItemSecondaryAction))>
        <WithStyles(ForwardRef(IconButton))
          aria-label="Test It"
          color="primary"
          href="/test/it"
        >
          <Memo(AddIcon) />
        </WithStyles(ForwardRef(IconButton))>
      </WithStyles(ForwardRef(ListItemSecondaryAction))>
      <WithStyles(ForwardRef(Divider)) />
    </WithStyles(ForwardRef(ListSubheader))>
  }
>
  <ListItemLink
    href="/url/1"
    key="1"
  >
    <WithStyles(ForwardRef(ListItemText))
      primary="title 1"
    />
  </ListItemLink>
  <ListItemLink
    href="/url/2"
    key="2"
  >
    <WithStyles(ForwardRef(ListItemText))
      primary="title 2"
    />
  </ListItemLink>
  <ListItemLink
    href="/url/3"
    key="3"
  >
    <WithStyles(ForwardRef(ListItemText))
      primary="title 3"
    />
  </ListItemLink>
</WithStyles(ForwardRef(List))>
`;
