// Jest Snapshot v1, https://goo.gl/fbAQLP

exports[`PlaceSearchResults should render correctly 1`] = `
Array [
  <div
    className="form-check"
    key="foo"
  >
    <label
      className="form-check-label"
      htmlFor="placeSearchResult-foo"
    >
      <input
        checked={false}
        className="form-check-input"
        id="placeSearchResult-foo"
        name="placeSearchResults"
        onChange={[Function]}
        type="radio"
        value="foo"
      />
    </label>
  </div>,
  <div
    className="form-check"
    key="another"
  >
    <label
      className="form-check-label"
      htmlFor="placeSearchResult-another"
    >
      <input
        checked={false}
        className="form-check-input"
        id="placeSearchResult-another"
        name="placeSearchResults"
        onChange={[Function]}
        type="radio"
        value="another"
      />
    </label>
  </div>,
]
`;
