// Jest Snapshot v1, https://goo.gl/fbAQLP

exports[`PlaceSearch Component Place Name should render correctly 1`] = `
<div>
  <form
    onSubmit={[Function]}
  >
    <div>
      <ForwardRef(RadioGroup)
        onChange={[Function]}
        row={true}
        value="name"
      >
        <WithStyles(ForwardRef(FormControlLabel))
          control={
            <ForwardRef(WithStyles)
              color="primary"
            />
          }
          label="Name"
          labelPlacement="end"
          value="name"
        />
        <WithStyles(ForwardRef(FormControlLabel))
          control={
            <ForwardRef(WithStyles)
              color="primary"
            />
          }
          label="LatLon"
          labelPlacement="end"
          value="latlon"
        />
      </ForwardRef(RadioGroup)>
      <input
        name="name"
        onChange={[Function]}
        placeholder="Place Name"
        type="text"
        value=""
      />
    </div>
  </form>
</div>
`;
