// Jest Snapshot v1, https://goo.gl/fbAQLP

exports[`Trip should render 1`] = `
<Fragment>
  <div>
    <Map
      center={
        Array [
          -2.6707358336225657,
          53.941955750000005,
        ]
      }
      mapClassName="this-is-the-map"
      points={
        Array [
          Array [
            -5.21714480341615,
            51.8780559,
          ],
          Array [
            -3.1936512,
            55.9499331,
          ],
        ]
      }
      zoom={3}
    />
  </div>
  <WithStyles(ForwardRef(Paper))>
    <PaperList
      actionButtonText="Add Place"
      actionButtonUrl="/classic/trips/26/places/new"
      thingsToList={
        Array [
          ThingToList {
            "date": "09/20/19 - 09/22/19",
            "id": 286,
            "title": "The Pink House (Behind the caravan park)",
            "url": "/places/286",
          },
          ThingToList {
            "date": "09/25/19 - 09/28/19",
            "id": 287,
            "title": "AirBnB in Edinburgh",
            "url": "/places/287",
          },
        ]
      }
      title="UK with Ron and Stacey"
    />
  </WithStyles(ForwardRef(Paper))>
</Fragment>
`;
