// Jest Snapshot v1, https://goo.gl/fbAQLP

exports[`Place should render 1`] = `
<Fragment>
  <div />
  <WithStyles(ForwardRef(Paper))>
    <h1 />
    <h6>
      <a
        href="//edit"
      >
        Edit
      </a>
    </h6>
    <hr />
    <div>
      <div
        className="trix-content"
      >
        <p>
          No note yet.
        </p>
      </div>
    </div>
  </WithStyles(ForwardRef(Paper))>
</Fragment>
`;
